-- Downloading https://github.com/microsoft/DirectXShaderCompiler/releases/download/v1.8.2407/dxc_2024_07_31.zip -> dxc_2024_07_31.zip...
-- Downloading https://raw.githubusercontent.com/microsoft/DirectXShaderCompiler/v1.8.2407/LICENSE.TXT -> LICENSE.2024_07_31...
-- Extracting source C:/Users/fchil/AppData/Local/vcpkg/downloads/dxc_2024_07_31.zip
-- Using source at C:/Users/fchil/source/repos/TheFletchZoneGameEngine/vcpkg_installed/vcpkg/blds/directx-dxc/src/2024_07_31-028657e25e.clean
-- Installing: C:/Users/fchil/source/repos/TheFletchZoneGameEngine/vcpkg_installed/vcpkg/pkgs/directx-dxc_x64-windows/include/directx-dxc/dxcapi.h
-- Installing: C:/Users/fchil/source/repos/TheFletchZoneGameEngine/vcpkg_installed/vcpkg/pkgs/directx-dxc_x64-windows/include/directx-dxc/dxcerrors.h
-- Installing: C:/Users/fchil/source/repos/TheFletchZoneGameEngine/vcpkg_installed/vcpkg/pkgs/directx-dxc_x64-windows/include/directx-dxc/dxcisense.h
-- Installing: C:/Users/fchil/source/repos/TheFletchZoneGameEngine/vcpkg_installed/vcpkg/pkgs/directx-dxc_x64-windows/include/directx-dxc/d3d12shader.h
-- Installing: C:/Users/fchil/source/repos/TheFletchZoneGameEngine/vcpkg_installed/vcpkg/pkgs/directx-dxc_x64-windows/lib/dxcompiler.lib
-- Installing: C:/Users/fchil/source/repos/TheFletchZoneGameEngine/vcpkg_installed/vcpkg/pkgs/directx-dxc_x64-windows/debug/lib/dxcompiler.lib
-- Installing: C:/Users/fchil/source/repos/TheFletchZoneGameEngine/vcpkg_installed/vcpkg/pkgs/directx-dxc_x64-windows/bin/dxcompiler.dll
-- Installing: C:/Users/fchil/source/repos/TheFletchZoneGameEngine/vcpkg_installed/vcpkg/pkgs/directx-dxc_x64-windows/bin/dxil.dll
-- Installing: C:/Users/fchil/source/repos/TheFletchZoneGameEngine/vcpkg_installed/vcpkg/pkgs/directx-dxc_x64-windows/debug/bin/dxcompiler.dll
-- Installing: C:/Users/fchil/source/repos/TheFletchZoneGameEngine/vcpkg_installed/vcpkg/pkgs/directx-dxc_x64-windows/debug/bin/dxil.dll
-- Installing: C:/Users/fchil/source/repos/TheFletchZoneGameEngine/vcpkg_installed/vcpkg/pkgs/directx-dxc_x64-windows/tools/directx-dxc//dxc.exe
-- Installing: C:/Users/fchil/source/repos/TheFletchZoneGameEngine/vcpkg_installed/vcpkg/pkgs/directx-dxc_x64-windows/tools/directx-dxc//dxcompiler.dll
-- Installing: C:/Users/fchil/source/repos/TheFletchZoneGameEngine/vcpkg_installed/vcpkg/pkgs/directx-dxc_x64-windows/tools/directx-dxc//dxil.dll
-- Installing: C:/Users/fchil/source/repos/TheFletchZoneGameEngine/vcpkg_installed/vcpkg/pkgs/directx-dxc_x64-windows/share/directx-dxc/usage
-- Installing: C:/Users/fchil/source/repos/TheFletchZoneGameEngine/vcpkg_installed/vcpkg/pkgs/directx-dxc_x64-windows/share/directx-dxc/copyright
-- Performing post-build validation
